// Jest Snapshot v1, https://goo.gl/fbAQLP

exports[`reservation REST should create a user and make a reservation, then fail on another one 1`] = `"You have already made a reservation."`;
